D/SyncManager(  756): failed sync operation mitrauiuc@gmail.com u0 (com.google), com.google.android.apps.docs.editors.kix, LOCAL, currentRunTime 15981471, reason: 10095, SyncResult: stats [ numIoExceptions: 1]
W/ProcessCpuTracker(  756): Skipping unknown process pid 8808
W/ProcessCpuTracker(  756): Skipping unknown process pid 8809
W/ProcessCpuTracker(  756): Skipping unknown process pid 8818
W/ProcessCpuTracker(  756): Skipping unknown process pid 8819
W/ProcessCpuTracker(  756): Skipping unknown process pid 8820
W/ProcessCpuTracker(  756): Skipping unknown process pid 8829
I/GAV2    ( 8747): Thread[GAThread,5,main]: No campaign data found.
E/WifiStateMachine(  756): WifiStateMachine CMD_START_SCAN source -2 txSuccessRate=0.00 rxSuccessRate=0.00 targetRoamBSSID=c8:d7:19:d8:bb:43 RSSI=-35
D/NetworkMonitor/NetworkAgentInfo [WIFI () - 104](  756): OfflineState{ when=-100ms what=532488 arg2=1 target=com.android.internal.util.StateMachine$SmHandler }
D/NetworkMonitor/NetworkAgentInfo [WIFI () - 104](  756): DefaultState{ when=-101ms what=532488 arg2=1 target=com.android.internal.util.StateMachine$SmHandler }
D/NetworkMonitor/NetworkAgentInfo [WIFI () - 104](  756): Forcing reevaluation
D/NetworkMonitor/NetworkAgentInfo [WIFI () - 104](  756): EvaluatingState{ when=0 what=532486 arg1=10 target=com.android.internal.util.StateMachine$SmHandler }
D/NetworkMonitor/NetworkAgentInfo [WIFI () - 104](  756): Checking http://connectivitycheck.android.com/generate_204 on "Cisco11477"
D/NetworkMonitor/NetworkAgentInfo [WIFI () - 104](  756): Probably not a portal: exception java.net.UnknownHostException: Unable to resolve host "connectivitycheck.android.com": No address associated with hostname
D/ConnectivityService(  756): setProvNotificationVisibleIntent: E visible=false networkType=0 extraInfo=null
E/WifiStateMachine(  756): WifiStateMachine CMD_START_SCAN source -2 txSuccessRate=0.00 rxSuccessRate=0.00 targetRoamBSSID=c8:d7:19:d8:bb:43 RSSI=-44
D/WifiService(  756): acquireWifiLockLocked: WifiLock{BaseSyncManager type=1 binder=android.os.BinderProxy@7a03f1e}
W/GAV2    ( 5638): BaseSyncManager-mitrauiuc@gmail.com: Need to call initialize() and be in fallback mode to start dispatch.
I/GLSUser ( 1436): [GLSUser]  extracting token using key:Auth
W/GLSActivity( 1436): gms.StatusHelper Status from wire: BadAuthentication status: BAD_AUTHENTICATION
I/GLSUser ( 1436): GLS error: BadAuthentication mitrauiuc@gmail.com oauth2:https://www.googleapis.com/auth/drive https://www.googleapis.com/auth/drive.metadata.readonly https://www.googleapis.com/auth/drive.readonly https://docs.google.com/feeds https://docs.googleusercontent.com https://spreadsheets.google.com/feeds https://www.googleapis.com/auth/activity https://www.googleapis.com/auth/cloudprint https://www.googleapis.com/auth/discussions https://www.googleapis.com/auth/docs https://www.googleapis.com/auth/drive.apps https://www.googleapis.com/auth/memento https://www.googleapis.com/auth/spreadsheets https://www.googleapis.com/auth/vouchers 
V/GLSActivity( 1436): AuthDelegateWrapperCreated with selected intent: Intent { cmp=com.google.android.gms/.auth.DefaultAuthDelegateService }
I/GLSActivity( 1436): Use browser flow? false
W/GLSActivity( 1436): com.google.android.gms.auth.af: User intervention required. Notification has been pushed.
W/GLSActivity( 1436): 	at com.google.android.gms.auth.r.c(SourceFile:1228)
W/GLSActivity( 1436): 	at com.google.android.gms.auth.r.b(SourceFile:610)
W/GLSActivity( 1436): 	at com.google.android.gms.auth.gsf.k.getAuthToken(SourceFile:283)
W/GLSActivity( 1436): 	at android.accounts.AbstractAccountAuthenticator$Transport.getAuthToken(AbstractAccountAuthenticator.java:196)
W/GLSActivity( 1436): 	at android.accounts.IAccountAuthenticator$Stub.onTransact(IAccountAuthenticator.java:113)
W/GLSActivity( 1436): 	at android.os.Binder.execTransact(Binder.java:446)
E/DefaultHttpIssuer( 5638): Attempt to consume entity of HttpIssuer when no request is executing.
E/DefaultHttpIssuer( 5638): Attempt to close HttpIssuer when no request is executing.
E/DefaultHttpIssuer( 5638): java.io.IOException
E/DefaultHttpIssuer( 5638): 	at com.google.android.apps.docs.http.issuers.e.b(DefaultHttpIssuer.java:182)
E/DefaultHttpIssuer( 5638): 	at com.google.android.apps.docs.http.issuers.c.b(DefaultAuthenticatedHttpIssuer.java:152)
E/DefaultHttpIssuer( 5638): 	at com.google.android.apps.docs.sync.syncadapter.e.a(AccountMetadataUpdater.java:247)
E/DefaultHttpIssuer( 5638): 	at com.google.android.apps.docs.sync.syncadapter.e.a(AccountMetadataUpdater.java:147)
E/DefaultHttpIssuer( 5638): 	at com.google.android.apps.docs.sync.syncadapter.e.a(AccountMetadataUpdater.java:264)
E/DefaultHttpIssuer( 5638): 	at com.google.android.apps.docs.sync.syncadapter.BaseSyncManager.a(BaseSyncManager.java:293)
E/DefaultHttpIssuer( 5638): 	at com.google.android.apps.docs.sync.syncadapter.BaseSyncManager.a(BaseSyncManager.java:628)
E/DefaultHttpIssuer( 5638): 	at com.google.android.apps.docs.sync.syncadapter.BaseSyncManager.b(BaseSyncManager.java:541)
E/DefaultHttpIssuer( 5638): 	at com.google.android.apps.docs.sync.syncadapter.k.run(BaseSyncManager.java:394)
E/DefaultHttpIssuer( 5638): 	at com.google.android.apps.docs.utils.aV.a(NetworkUtilitiesImpl.java:31)
E/DefaultHttpIssuer( 5638): 	at com.google.android.apps.docs.sync.syncadapter.j.run(BaseSyncManager.java:391)
E/AccountMetadataUpdater( 5638): Error updating account capability
E/AccountMetadataUpdater( 5638): android.accounts.AuthenticatorException: User intervention required. Notification has been pushed.
E/AccountMetadataUpdater( 5638): 	at android.accounts.AccountManager.convertErrorToException(AccountManager.java:2024)
E/AccountMetadataUpdater( 5638): 	at android.accounts.AccountManager.access$400(AccountManager.java:144)
E/AccountMetadataUpdater( 5638): 	at android.accounts.AccountManager$AmsTask$Response.onError(AccountManager.java:1867)
E/AccountMetadataUpdater( 5638): 	at android.accounts.IAccountManagerResponse$Stub.onTransact(IAccountManagerResponse.java:69)
E/AccountMetadataUpdater( 5638): 	at android.os.Binder.execTransact(Binder.java:446)
D/WifiService(  756): acquireWifiLockLocked: WifiLock{BaseSyncManager type=1 binder=android.os.BinderProxy@303e1aef}
W/GAV2    ( 5621): BaseSyncManager-mitrauiuc@gmail.com: Need to call initialize() and be in fallback mode to start dispatch.
I/GLSUser ( 1436): [GLSUser]  extracting token using key:Auth
W/GLSActivity( 1436): gms.StatusHelper Status from wire: BadAuthentication status: BAD_AUTHENTICATION
I/GLSUser ( 1436): GLS error: BadAuthentication mitrauiuc@gmail.com oauth2:https://www.googleapis.com/auth/drive https://www.googleapis.com/auth/drive.metadata.readonly https://www.googleapis.com/auth/drive.readonly https://docs.google.com/feeds https://docs.googleusercontent.com https://spreadsheets.google.com/feeds https://www.googleapis.com/auth/activity https://www.googleapis.com/auth/cloudprint https://www.googleapis.com/auth/discussions https://www.googleapis.com/auth/docs https://www.googleapis.com/auth/drive.apps https://www.googleapis.com/auth/memento https://www.googleapis.com/auth/spreadsheets https://www.googleapis.com/auth/vouchers 
V/GLSActivity( 1436): AuthDelegateWrapperCreated with selected intent: Intent { cmp=com.google.android.gms/.auth.DefaultAuthDelegateService }
I/art     ( 1436): Explicit concurrent mark sweep GC freed 33400(2MB) AllocSpace objects, 26(2MB) LOS objects, 40% free, 21MB/35MB, paused 719us total 21.281ms
I/GLSActivity( 1436): Use browser flow? false
W/GLSActivity( 1436): com.google.android.gms.auth.af: User intervention required. Notification has been pushed.
W/GLSActivity( 1436): 	at com.google.android.gms.auth.r.c(SourceFile:1228)
W/GLSActivity( 1436): 	at com.google.android.gms.auth.r.b(SourceFile:610)
W/GLSActivity( 1436): 	at com.google.android.gms.auth.gsf.k.getAuthToken(SourceFile:283)
W/GLSActivity( 1436): 	at android.accounts.AbstractAccountAuthenticator$Transport.getAuthToken(AbstractAccountAuthenticator.java:196)
W/GLSActivity( 1436): 	at android.accounts.IAccountAuthenticator$Stub.onTransact(IAccountAuthenticator.java:113)
W/GLSActivity( 1436): 	at android.os.Binder.execTransact(Binder.java:446)
W/JsonManifestFetcher( 5638): Failed to fetch manifest, reverting to local copy.
W/JsonManifestFetcher( 5638): android.accounts.AuthenticatorException: User intervention required. Notification has been pushed.
W/JsonManifestFetcher( 5638): 	at android.accounts.AccountManager.convertErrorToException(AccountManager.java:2024)
W/JsonManifestFetcher( 5638): 	at android.accounts.AccountManager.access$400(AccountManager.java:144)
W/JsonManifestFetcher( 5638): 	at android.accounts.AccountManager$AmsTask$Response.onError(AccountManager.java:1867)
W/JsonManifestFetcher( 5638): 	at android.accounts.IAccountManagerResponse$Stub.onTransact(IAccountManagerResponse.java:69)
W/JsonManifestFetcher( 5638): 	at android.os.Binder.execTransact(Binder.java:446)
E/DefaultHttpIssuer( 5638): Attempt to close HttpIssuer when no request is executing.
E/DefaultHttpIssuer( 5638): java.io.IOException
E/DefaultHttpIssuer( 5638): 	at com.google.android.apps.docs.http.issuers.e.b(DefaultHttpIssuer.java:182)
E/DefaultHttpIssuer( 5638): 	at com.google.android.apps.docs.http.issuers.c.b(DefaultAuthenticatedHttpIssuer.java:152)
E/DefaultHttpIssuer( 5638): 	at com.google.android.apps.docs.jsbinarysyncer.o.a(JsonManifestFetcher.java:136)
E/DefaultHttpIssuer( 5638): 	at com.google.android.apps.docs.editors.bulksyncer.f.a(OfflineSyncerImpl.java:487)
E/DefaultHttpIssuer( 5638): 	at com.google.android.apps.docs.editors.bulksyncer.f.a(OfflineSyncerImpl.java:415)
E/DefaultHttpIssuer( 5638): 	at com.google.android.apps.docs.editors.offline.f.run(EditorsOfflineSyncManagerImpl.java:103)
E/OfflineSyncerImpl( 5638): additionalData field absent in syncapp serverManifest, aborting
W/EditorsOfflineSyncManagerImpl( 5638): Failed to sync offline metadata.
I/GLSUser ( 1436): [GLSUser]  extracting token using key:Auth
W/GLSActivity( 1436): gms.StatusHelper Status from wire: BadAuthentication status: BAD_AUTHENTICATION
I/GLSUser ( 1436): GLS error: BadAuthentication mitrauiuc@gmail.com oauth2:https://www.googleapis.com/auth/drive https://www.googleapis.com/auth/drive.metadata.readonly https://www.googleapis.com/auth/drive.readonly https://docs.google.com/feeds https://docs.googleusercontent.com https://spreadsheets.google.com/feeds https://www.googleapis.com/auth/activity https://www.googleapis.com/auth/cloudprint https://www.googleapis.com/auth/discussions https://www.googleapis.com/auth/docs https://www.googleapis.com/auth/drive.apps https://www.googleapis.com/auth/memento https://www.googleapis.com/auth/spreadsheets https://www.googleapis.com/auth/vouchers 
V/GLSActivity( 1436): AuthDelegateWrapperCreated with selected intent: Intent { cmp=com.google.android.gms/.auth.DefaultAuthDelegateService }
I/GLSActivity( 1436): Use browser flow? false
W/GLSActivity( 1436): com.google.android.gms.auth.af: User intervention required. Notification has been pushed.
W/GLSActivity( 1436): 	at com.google.android.gms.auth.r.c(SourceFile:1228)
W/GLSActivity( 1436): 	at com.google.android.gms.auth.r.b(SourceFile:610)
W/GLSActivity( 1436): 	at com.google.android.gms.auth.gsf.k.getAuthToken(SourceFile:283)
W/GLSActivity( 1436): 	at android.accounts.AbstractAccountAuthenticator$Transport.getAuthToken(AbstractAccountAuthenticator.java:196)
W/GLSActivity( 1436): 	at android.accounts.IAccountAuthenticator$Stub.onTransact(IAccountAuthenticator.java:113)
W/GLSActivity( 1436): 	at android.os.Binder.execTransact(Binder.java:446)
E/DefaultHttpIssuer( 5621): Attempt to consume entity of HttpIssuer when no request is executing.
E/DefaultHttpIssuer( 5621): Attempt to close HttpIssuer when no request is executing.
E/DefaultHttpIssuer( 5621): java.io.IOException
E/DefaultHttpIssuer( 5621): 	at ajh.b(DefaultHttpIssuer.java:182)
E/DefaultHttpIssuer( 5621): 	at ajg.b(DefaultAuthenticatedHttpIssuer.java:152)
E/DefaultHttpIssuer( 5621): 	at arC.a(AccountMetadataUpdater.java:247)
E/DefaultHttpIssuer( 5621): 	at arC.a(AccountMetadataUpdater.java:147)
E/DefaultHttpIssuer( 5621): 	at arC.a(AccountMetadataUpdater.java:264)
E/DefaultHttpIssuer( 5621): 	at com.google.android.apps.docs.sync.syncadapter.BaseSyncManager.a(BaseSyncManager.java:628)
E/DefaultHttpIssuer( 5621): 	at com.google.android.apps.docs.sync.syncadapter.BaseSyncManager.b(BaseSyncManager.java:541)
E/DefaultHttpIssuer( 5621): 	at arG.run(BaseSyncManager.java:394)
E/DefaultHttpIssuer( 5621): 	at ayq.a(NetworkUtilitiesImpl.java:31)
E/DefaultHttpIssuer( 5621): 	at arF.run(BaseSyncManager.java:391)
E/AccountMetadataUpdater( 5621): Error updating account capability
E/AccountMetadataUpdater( 5621): android.accounts.AuthenticatorException: User intervention required. Notification has been pushed.
E/AccountMetadataUpdater( 5621): 	at android.accounts.AccountManager.convertErrorToException(AccountManager.java:2024)
E/AccountMetadataUpdater( 5621): 	at android.accounts.AccountManager.access$400(AccountManager.java:144)
E/AccountMetadataUpdater( 5621): 	at android.accounts.AccountManager$AmsTask$Response.onError(AccountManager.java:1867)
E/AccountMetadataUpdater( 5621): 	at android.accounts.IAccountManagerResponse$Stub.onTransact(IAccountManagerResponse.java:69)
E/AccountMetadataUpdater( 5621): 	at android.os.Binder.execTransact(Binder.java:446)
I/GLSUser ( 1436): [GLSUser]  extracting token using key:Auth
W/GLSActivity( 1436): gms.StatusHelper Status from wire: BadAuthentication status: BAD_AUTHENTICATION
I/GLSUser ( 1436): GLS error: BadAuthentication mitrauiuc@gmail.com oauth2:https://www.googleapis.com/auth/drive https://www.googleapis.com/auth/drive.metadata.readonly https://www.googleapis.com/auth/drive.readonly https://docs.google.com/feeds https://docs.googleusercontent.com https://spreadsheets.google.com/feeds https://www.googleapis.com/auth/activity https://www.googleapis.com/auth/cloudprint https://www.googleapis.com/auth/discussions https://www.googleapis.com/auth/docs https://www.googleapis.com/auth/drive.apps https://www.googleapis.com/auth/memento https://www.googleapis.com/auth/spreadsheets https://www.googleapis.com/auth/vouchers 
V/GLSActivity( 1436): AuthDelegateWrapperCreated with selected intent: Intent { cmp=com.google.android.gms/.auth.DefaultAuthDelegateService }
I/art     (  756): Explicit concurrent mark sweep GC freed 43153(2MB) AllocSpace objects, 21(791KB) LOS objects, 32% free, 33MB/49MB, paused 1.291ms total 62.441ms
I/GLSActivity( 1436): Use browser flow? false
W/GLSActivity( 1436): com.google.android.gms.auth.af: User intervention required. Notification has been pushed.
W/GLSActivity( 1436): 	at com.google.android.gms.auth.r.c(SourceFile:1228)
W/GLSActivity( 1436): 	at com.google.android.gms.auth.r.b(SourceFile:610)
W/GLSActivity( 1436): 	at com.google.android.gms.auth.gsf.k.getAuthToken(SourceFile:283)
W/GLSActivity( 1436): 	at android.accounts.AbstractAccountAuthenticator$Transport.getAuthToken(AbstractAccountAuthenticator.java:196)
W/GLSActivity( 1436): 	at android.accounts.IAccountAuthenticator$Stub.onTransact(IAccountAuthenticator.java:113)
W/GLSActivity( 1436): 	at android.os.Binder.execTransact(Binder.java:446)
E/DefaultHttpIssuer( 5638): Attempt to consume entity of HttpIssuer when no request is executing.
E/DefaultHttpIssuer( 5638): Attempt to close HttpIssuer when no request is executing.
E/DefaultHttpIssuer( 5638): java.io.IOException
E/DefaultHttpIssuer( 5638): 	at com.google.android.apps.docs.http.issuers.e.b(DefaultHttpIssuer.java:182)
E/DefaultHttpIssuer( 5638): 	at com.google.android.apps.docs.http.issuers.c.b(DefaultAuthenticatedHttpIssuer.java:152)
E/DefaultHttpIssuer( 5638): 	at com.google.android.apps.docs.sync.syncadapter.e.a(AccountMetadataUpdater.java:247)
E/DefaultHttpIssuer( 5638): 	at com.google.android.apps.docs.sync.syncadapter.e.a(AccountMetadataUpdater.java:147)
E/DefaultHttpIssuer( 5638): 	at com.google.android.apps.docs.sync.wapi.b.a(LegacySyncManager.java:209)
E/DefaultHttpIssuer( 5638): 	at com.google.android.apps.docs.sync.syncadapter.BaseSyncManager.b(BaseSyncManager.java:550)
E/DefaultHttpIssuer( 5638): 	at com.google.android.apps.docs.sync.syncadapter.k.run(BaseSyncManager.java:394)
E/DefaultHttpIssuer( 5638): 	at com.google.android.apps.docs.utils.aV.a(NetworkUtilitiesImpl.java:31)
E/DefaultHttpIssuer( 5638): 	at com.google.android.apps.docs.sync.syncadapter.j.run(BaseSyncManager.java:391)
E/BaseSyncManager( 5638): AuthenticatorException
E/BaseSyncManager( 5638): android.accounts.AuthenticatorException: User intervention required. Notification has been pushed.
E/BaseSyncManager( 5638): 	at android.accounts.AccountManager.convertErrorToException(AccountManager.java:2024)
E/BaseSyncManager( 5638): 	at android.accounts.AccountManager.access$400(AccountManager.java:144)
E/BaseSyncManager( 5638): 	at android.accounts.AccountManager$AmsTask$Response.onError(AccountManager.java:1867)
E/BaseSyncManager( 5638): 	at android.accounts.IAccountManagerResponse$Stub.onTransact(IAccountManagerResponse.java:69)
E/BaseSyncManager( 5638): 	at android.os.Binder.execTransact(Binder.java:446)
W/GAV2    ( 5638): BaseSyncManager-mitrauiuc@gmail.com: dispatch call queued.  Need to call GAServiceManager.getInstance().initialize().
D/WifiService(  756): releaseWifiLockLocked: WifiLock{BaseSyncManager type=1 binder=android.os.BinderProxy@7a03f1e}
D/SyncManager(  756): failed sync operation mitrauiuc@gmail.com u0 (com.google), com.google.android.apps.docs.editors.trix, PERIODIC, currentRunTime 16041476, reason: Periodic, SyncResult: stats [ numIoExceptions: 1]
I/GLSUser ( 1436): [GLSUser]  extracting token using key:Auth
W/GLSActivity( 1436): gms.StatusHelper Status from wire: BadAuthentication status: BAD_AUTHENTICATION
I/GLSUser ( 1436): GLS error: BadAuthentication mitrauiuc@gmail.com oauth2:https://www.googleapis.com/auth/drive https://www.googleapis.com/auth/drive.metadata.readonly https://www.googleapis.com/auth/drive.readonly https://docs.google.com/feeds https://docs.googleusercontent.com https://spreadsheets.google.com/feeds https://www.googleapis.com/auth/activity https://www.googleapis.com/auth/cloudprint https://www.googleapis.com/auth/discussions https://www.googleapis.com/auth/docs https://www.googleapis.com/auth/drive.apps https://www.googleapis.com/auth/memento https://www.googleapis.com/auth/spreadsheets https://www.googleapis.com/auth/vouchers 
V/GLSActivity( 1436): AuthDelegateWrapperCreated with selected intent: Intent { cmp=com.google.android.gms/.auth.DefaultAuthDelegateService }
I/GLSActivity( 1436): Use browser flow? false
W/GLSActivity( 1436): com.google.android.gms.auth.af: User intervention required. Notification has been pushed.
W/GLSActivity( 1436): 	at com.google.android.gms.auth.r.c(SourceFile:1228)
W/GLSActivity( 1436): 	at com.google.android.gms.auth.r.b(SourceFile:610)
W/GLSActivity( 1436): 	at com.google.android.gms.auth.gsf.k.getAuthToken(SourceFile:283)
W/GLSActivity( 1436): 	at android.accounts.AbstractAccountAuthenticator$Transport.getAuthToken(AbstractAccountAuthenticator.java:196)
W/GLSActivity( 1436): 	at android.accounts.IAccountAuthenticator$Stub.onTransact(IAccountAuthenticator.java:113)
W/GLSActivity( 1436): 	at android.os.Binder.execTransact(Binder.java:446)
W/JsonManifestFetcher( 5621): Failed to fetch manifest, reverting to local copy.
W/JsonManifestFetcher( 5621): android.accounts.AuthenticatorException: User intervention required. Notification has been pushed.
W/JsonManifestFetcher( 5621): 	at android.accounts.AccountManager.convertErrorToException(AccountManager.java:2024)
W/JsonManifestFetcher( 5621): 	at android.accounts.AccountManager.access$400(AccountManager.java:144)
W/JsonManifestFetcher( 5621): 	at android.accounts.AccountManager$AmsTask$Response.onError(AccountManager.java:1867)
W/JsonManifestFetcher( 5621): 	at android.accounts.IAccountManagerResponse$Stub.onTransact(IAccountManagerResponse.java:69)
W/JsonManifestFetcher( 5621): 	at android.os.Binder.execTransact(Binder.java:446)
E/DefaultHttpIssuer( 5621): Attempt to close HttpIssuer when no request is executing.
E/DefaultHttpIssuer( 5621): java.io.IOException
E/DefaultHttpIssuer( 5621): 	at ajh.b(DefaultHttpIssuer.java:182)
E/DefaultHttpIssuer( 5621): 	at ajg.b(DefaultAuthenticatedHttpIssuer.java:152)
E/DefaultHttpIssuer( 5621): 	at ajR.a(JsonManifestFetcher.java:136)
E/DefaultHttpIssuer( 5621): 	at vf.a(OfflineSyncerImpl.java:487)
E/DefaultHttpIssuer( 5621): 	at vf.a(OfflineSyncerImpl.java:415)
E/DefaultHttpIssuer( 5621): 	at WP.run(EditorsOfflineSyncManagerImpl.java:103)
E/OfflineSyncerImpl( 5621): additionalData field absent in syncapp serverManifest, aborting
W/EditorsOfflineSyncManagerImpl( 5621): Failed to sync offline metadata.
I/GLSUser ( 1436): [GLSUser]  extracting token using key:Auth
W/GLSActivity( 1436): gms.StatusHelper Status from wire: BadAuthentication status: BAD_AUTHENTICATION
I/GLSUser ( 1436): GLS error: BadAuthentication mitrauiuc@gmail.com oauth2:https://www.googleapis.com/auth/drive https://www.googleapis.com/auth/drive.metadata.readonly https://www.googleapis.com/auth/drive.readonly https://docs.google.com/feeds https://docs.googleusercontent.com https://spreadsheets.google.com/feeds https://www.googleapis.com/auth/activity https://www.googleapis.com/auth/cloudprint https://www.googleapis.com/auth/discussions https://www.googleapis.com/auth/docs https://www.googleapis.com/auth/drive.apps https://www.googleapis.com/auth/memento https://www.googleapis.com/auth/spreadsheets https://www.googleapis.com/auth/vouchers 
V/GLSActivity( 1436): AuthDelegateWrapperCreated with selected intent: Intent { cmp=com.google.android.gms/.auth.DefaultAuthDelegateService }
I/GLSActivity( 1436): Use browser flow? false
W/GLSActivity( 1436): com.google.android.gms.auth.af: User intervention required. Notification has been pushed.
W/GLSActivity( 1436): 	at com.google.android.gms.auth.r.c(SourceFile:1228)
W/GLSActivity( 1436): 	at com.google.android.gms.auth.r.b(SourceFile:610)
W/GLSActivity( 1436): 	at com.google.android.gms.auth.gsf.k.getAuthToken(SourceFile:283)
W/GLSActivity( 1436): 	at android.accounts.AbstractAccountAuthenticator$Transport.getAuthToken(AbstractAccountAuthenticator.java:196)
W/GLSActivity( 1436): 	at android.accounts.IAccountAuthenticator$Stub.onTransact(IAccountAuthenticator.java:113)
W/GLSActivity( 1436): 	at android.os.Binder.execTransact(Binder.java:446)
E/DefaultHttpIssuer( 5621): Attempt to consume entity of HttpIssuer when no request is executing.
E/DefaultHttpIssuer( 5621): Attempt to close HttpIssuer when no request is executing.
E/DefaultHttpIssuer( 5621): java.io.IOException
E/DefaultHttpIssuer( 5621): 	at ajh.b(DefaultHttpIssuer.java:182)
E/DefaultHttpIssuer( 5621): 	at ajg.b(DefaultAuthenticatedHttpIssuer.java:152)
E/DefaultHttpIssuer( 5621): 	at arC.a(AccountMetadataUpdater.java:247)
E/DefaultHttpIssuer( 5621): 	at arC.a(AccountMetadataUpdater.java:147)
E/DefaultHttpIssuer( 5621): 	at atj.a(LegacySyncManager.java:209)
E/DefaultHttpIssuer( 5621): 	at com.google.android.apps.docs.sync.syncadapter.BaseSyncManager.b(BaseSyncManager.java:550)
E/DefaultHttpIssuer( 5621): 	at arG.run(BaseSyncManager.java:394)
E/DefaultHttpIssuer( 5621): 	at ayq.a(NetworkUtilitiesImpl.java:31)
E/DefaultHttpIssuer( 5621): 	at arF.run(BaseSyncManager.java:391)
E/BaseSyncManager( 5621): AuthenticatorException
E/BaseSyncManager( 5621): android.accounts.AuthenticatorException: User intervention required. Notification has been pushed.
E/BaseSyncManager( 5621): 	at android.accounts.AccountManager.convertErrorToException(AccountManager.java:2024)
E/BaseSyncManager( 5621): 	at android.accounts.AccountManager.access$400(AccountManager.java:144)
E/BaseSyncManager( 5621): 	at android.accounts.AccountManager$AmsTask$Response.onError(AccountManager.java:1867)
E/BaseSyncManager( 5621): 	at android.accounts.IAccountManagerResponse$Stub.onTransact(IAccountManagerResponse.java:69)
E/BaseSyncManager( 5621): 	at android.os.Binder.execTransact(Binder.java:446)
W/GAV2    ( 5621): BaseSyncManager-mitrauiuc@gmail.com: dispatch call queued.  Need to call GAServiceManager.getInstance().initialize().
D/WifiService(  756): releaseWifiLockLocked: WifiLock{BaseSyncManager type=1 binder=android.os.BinderProxy@303e1aef}
D/SyncManager(  756): failed sync operation mitrauiuc@gmail.com u0 (com.google), com.google.android.apps.docs.editors.kix, PERIODIC, currentRunTime 16041595, reason: Periodic, SyncResult: stats [ numIoExceptions: 1]
E/WifiStateMachine(  756): WifiStateMachine CMD_START_SCAN source -2 txSuccessRate=0.00 rxSuccessRate=0.00 targetRoamBSSID=c8:d7:19:d8:bb:43 RSSI=-38
E/WifiStateMachine(  756): WifiStateMachine CMD_START_SCAN source -2 txSuccessRate=0.00 rxSuccessRate=0.00 targetRoamBSSID=c8:d7:19:d8:bb:43 RSSI=-45
