--------- beginning of system
D/TaskPersister(  756): removeObsoleteFile: deleting file=79_task.xml
V/WindowManager(  756): Adding window Window{3fa1dac8 u0 edu.illinois.mitra.template/edu.illinois.mitra.template.RobotsActivity} at 6 of 12 (before Window{18aca1b2 u0 Starting edu.illinois.mitra.template})
E/ActivityThread(27645): Performing stop of activity that is not resumed: {com.android.settings/com.android.settings.SubSettings}
E/ActivityThread(27645): java.lang.RuntimeException: Performing stop of activity that is not resumed: {com.android.settings/com.android.settings.SubSettings}
E/ActivityThread(27645): 	at android.app.ActivityThread.performStopActivityInner(ActivityThread.java:3344)
E/ActivityThread(27645): 	at android.app.ActivityThread.handleStopActivity(ActivityThread.java:3425)
E/ActivityThread(27645): 	at android.app.ActivityThread.access$1100(ActivityThread.java:151)
E/ActivityThread(27645): 	at android.app.ActivityThread$H.handleMessage(ActivityThread.java:1332)
E/ActivityThread(27645): 	at android.os.Handler.dispatchMessage(Handler.java:102)
E/ActivityThread(27645): 	at android.os.Looper.loop(Looper.java:135)
E/ActivityThread(27645): 	at android.app.ActivityThread.main(ActivityThread.java:5254)
E/ActivityThread(27645): 	at java.lang.reflect.Method.invoke(Native Method)
E/ActivityThread(27645): 	at java.lang.reflect.Method.invoke(Method.java:372)
E/ActivityThread(27645): 	at com.android.internal.os.ZygoteInit$MethodAndArgsCaller.run(ZygoteInit.java:903)
E/ActivityThread(27645): 	at com.android.internal.os.ZygoteInit.main(ZygoteInit.java:698)
I/ActivityManager(  756): Start proc 5410:com.google.android.setupwizard/u0a17 for broadcast com.google.android.setupwizard/.util.GservicesChangedReceiver
I/ActivityManager(  756): Killing 3064:com.google.android.apps.docs.editors.docs/u0a95 (adj 15): empty #17
I/ActivityManager(  756): Killing 2139:com.google.android.apps.docs.editors.sheets/u0a96 (adj 15): empty #17
D/BackupManagerService(  756): Received broadcast Intent { act=android.intent.action.PACKAGE_CHANGED dat=package:com.google.android.gms flg=0x4000010 (has extras) }
I/BackupManagerService(  756): Unbinding ComponentInfo{com.google.android.gms/com.google.android.gms.backup.BackupTransportService}
I/BackupManagerService(  756): Binding to transport host ComponentInfo{com.google.android.gms/com.google.android.gms.backup.BackupTransportService}
V/BackupManagerService(  756): Connected to transport ComponentInfo{com.google.android.gms/com.google.android.gms.backup.BackupTransportService}
V/BackupManagerService(  756): Registering transport com.google.android.gms/.backup.BackupTransportService::com.google.android.gms/.backup.BackupTransportService = com.android.internal.backup.IBackupTransport$Stub$Proxy@76b58e2
D/WifiService(  756): acquireWifiLockLocked: WifiLock{NlpWifiLock type=2 binder=android.os.BinderProxy@263731de}
W/ResourcesManager( 1201): Asset path '/system/framework/com.google.android.maps.jar' does not exist or contains no resources.
D/WifiService(  756): releaseWifiLockLocked: WifiLock{NlpWifiLock type=2 binder=android.os.BinderProxy@263731de}
I/ActivityManager(  756): Start proc 5621:com.google.android.apps.docs.editors.docs/u0a95 for service com.google.android.apps.docs.editors.docs/com.google.android.apps.docs.sync.syncadapter.DocsSyncAdapterService
I/ActivityManager(  756): Start proc 5638:com.google.android.apps.docs.editors.sheets/u0a96 for service com.google.android.apps.docs.editors.sheets/com.google.android.apps.docs.sync.syncadapter.DocsSyncAdapterService
W/ProcessCpuTracker(  756): Skipping unknown process pid 5659
W/ProcessCpuTracker(  756): Skipping unknown process pid 5661
W/ProcessCpuTracker(  756): Skipping unknown process pid 5662
D/WifiService(  756): acquireWifiLockLocked: WifiLock{BaseSyncManager type=1 binder=android.os.BinderProxy@2b20f0bb}
D/WifiService(  756): acquireWifiLockLocked: WifiLock{BaseSyncManager type=1 binder=android.os.BinderProxy@2d9f3908}
D/WifiService(  756): releaseWifiLockLocked: WifiLock{BaseSyncManager type=1 binder=android.os.BinderProxy@2b20f0bb}
D/WifiService(  756): releaseWifiLockLocked: WifiLock{BaseSyncManager type=1 binder=android.os.BinderProxy@2d9f3908}
I/ActivityManager(  756): Killing 4923:com.android.defcontainer/u0a4 (adj 15): empty #17
I/ActivityManager(  756): Killing 5005:com.google.android.gms.ui/u0a7 (adj 15): empty #17
W/ProcessCpuTracker(  756): Skipping unknown process pid 6503
I/ActivityManager(  756): Force stopping edu.illinois.mitra.template appid=10067 user=0: from pid 6548
I/ActivityManager(  756): Killing 5090:edu.illinois.mitra.template/u0a67 (adj 0): stop edu.illinois.mitra.template
D/WifiService(  756): Client connection lost with reason: 4
E/WifiService(  756): Multicaster binderDied
I/WindowState(  756): WIN DEATH: Window{3fa1dac8 u0 edu.illinois.mitra.template/edu.illinois.mitra.template.RobotsActivity}
W/ActivityManager(  756): Force removing ActivityRecord{69c6f8b u0 edu.illinois.mitra.template/.RobotsActivity t80}: app died, no saved state
W/ActivityManager(  756): Spurious death for ProcessRecord{3a40b899 5090:edu.illinois.mitra.template/u0a67}, curProc for 5090: null
W/InputMethodManagerService(  756): Got RemoteException sending setActive(false) notification to pid 5090 uid 10067
D/BackupManagerService(  756): Received broadcast Intent { act=android.intent.action.PACKAGE_CHANGED dat=package:com.google.android.gms flg=0x4000010 (has extras) }
I/BackupManagerService(  756): Unbinding ComponentInfo{com.google.android.gms/com.google.android.gms.backup.BackupTransportService}
I/BackupManagerService(  756): Binding to transport host ComponentInfo{com.google.android.gms/com.google.android.gms.backup.BackupTransportService}
V/BackupManagerService(  756): Connected to transport ComponentInfo{com.google.android.gms/com.google.android.gms.backup.BackupTransportService}
V/BackupManagerService(  756): Registering transport com.google.android.gms/.backup.BackupTransportService::com.google.android.gms/.backup.BackupTransportService = com.android.internal.backup.IBackupTransport$Stub$Proxy@3a89c900
D/WifiService(  756): acquireWifiLockLocked: WifiLock{NlpWifiLock type=2 binder=android.os.BinderProxy@2180689f}
D/WifiService(  756): acquireWifiLockLocked: WifiLock{BaseSyncManager type=1 binder=android.os.BinderProxy@368b9b33}
D/WifiService(  756): acquireWifiLockLocked: WifiLock{BaseSyncManager type=1 binder=android.os.BinderProxy@3f2ccef0}
D/WifiService(  756): releaseWifiLockLocked: WifiLock{BaseSyncManager type=1 binder=android.os.BinderProxy@368b9b33}
D/WifiService(  756): releaseWifiLockLocked: WifiLock{BaseSyncManager type=1 binder=android.os.BinderProxy@3f2ccef0}
D/WifiService(  756): releaseWifiLockLocked: WifiLock{NlpWifiLock type=2 binder=android.os.BinderProxy@2180689f}
D/ConnectivityService(  756): setProvNotificationVisibleIntent: E visible=false networkType=0 extraInfo=null
D/BackupManagerService(  756): Received broadcast Intent { act=android.intent.action.PACKAGE_CHANGED dat=package:com.google.android.gms flg=0x4000010 (has extras) }
I/BackupManagerService(  756): Unbinding ComponentInfo{com.google.android.gms/com.google.android.gms.backup.BackupTransportService}
I/BackupManagerService(  756): Binding to transport host ComponentInfo{com.google.android.gms/com.google.android.gms.backup.BackupTransportService}
V/BackupManagerService(  756): Connected to transport ComponentInfo{com.google.android.gms/com.google.android.gms.backup.BackupTransportService}
V/BackupManagerService(  756): Registering transport com.google.android.gms/.backup.BackupTransportService::com.google.android.gms/.backup.BackupTransportService = com.android.internal.backup.IBackupTransport$Stub$Proxy@32e13bad
D/WifiService(  756): acquireWifiLockLocked: WifiLock{NlpWifiLock type=2 binder=android.os.BinderProxy@2180689f}
D/WifiService(  756): releaseWifiLockLocked: WifiLock{NlpWifiLock type=2 binder=android.os.BinderProxy@2180689f}
D/WifiService(  756): acquireWifiLockLocked: WifiLock{BaseSyncManager type=1 binder=android.os.BinderProxy@1c5e63f2}
D/WifiService(  756): acquireWifiLockLocked: WifiLock{BaseSyncManager type=1 binder=android.os.BinderProxy@3df2868f}
D/WifiService(  756): releaseWifiLockLocked: WifiLock{BaseSyncManager type=1 binder=android.os.BinderProxy@1c5e63f2}
D/WifiService(  756): releaseWifiLockLocked: WifiLock{BaseSyncManager type=1 binder=android.os.BinderProxy@3df2868f}
D/WifiService(  756): acquireWifiLockLocked: WifiLock{BaseSyncManager type=1 binder=android.os.BinderProxy@26a753e0}
D/WifiService(  756): acquireWifiLockLocked: WifiLock{BaseSyncManager type=1 binder=android.os.BinderProxy@a57e809}
D/WifiService(  756): releaseWifiLockLocked: WifiLock{BaseSyncManager type=1 binder=android.os.BinderProxy@26a753e0}
D/WifiService(  756): releaseWifiLockLocked: WifiLock{BaseSyncManager type=1 binder=android.os.BinderProxy@a57e809}
D/WifiService(  756): acquireWifiLockLocked: WifiLock{BaseSyncManager type=1 binder=android.os.BinderProxy@32807032}
D/WifiService(  756): acquireWifiLockLocked: WifiLock{BaseSyncManager type=1 binder=android.os.BinderProxy@2bf2c1cf}
D/WifiService(  756): releaseWifiLockLocked: WifiLock{BaseSyncManager type=1 binder=android.os.BinderProxy@32807032}
D/WifiService(  756): releaseWifiLockLocked: WifiLock{BaseSyncManager type=1 binder=android.os.BinderProxy@2bf2c1cf}
D/WifiService(  756): acquireWifiLockLocked: WifiLock{BaseSyncManager type=1 binder=android.os.BinderProxy@111c7e52}
D/WifiService(  756): acquireWifiLockLocked: WifiLock{BaseSyncManager type=1 binder=android.os.BinderProxy@6336d13}
D/WifiService(  756): releaseWifiLockLocked: WifiLock{BaseSyncManager type=1 binder=android.os.BinderProxy@111c7e52}
D/WifiService(  756): releaseWifiLockLocked: WifiLock{BaseSyncManager type=1 binder=android.os.BinderProxy@6336d13}
D/WifiService(  756): acquireWifiLockLocked: WifiLock{BaseSyncManager type=1 binder=android.os.BinderProxy@997257d}
D/WifiService(  756): acquireWifiLockLocked: WifiLock{BaseSyncManager type=1 binder=android.os.BinderProxy@6e8026e}
D/WifiService(  756): releaseWifiLockLocked: WifiLock{BaseSyncManager type=1 binder=android.os.BinderProxy@997257d}
D/WifiService(  756): releaseWifiLockLocked: WifiLock{BaseSyncManager type=1 binder=android.os.BinderProxy@6e8026e}
I/ActivityManager(  756): Start proc 6936:com.google.android.apps.gcs/u0a38 for service com.google.android.apps.gcs/com.google.android.flib.nova.experiment.ExperimentUpdateService
D/WifiService(  756): acquireWifiLockLocked: WifiLock{NlpWifiLock type=2 binder=android.os.BinderProxy@2b5b90cf}
D/WifiService(  756): releaseWifiLockLocked: WifiLock{NlpWifiLock type=2 binder=android.os.BinderProxy@2b5b90cf}
D/WifiService(  756): acquireWifiLockLocked: WifiLock{BaseSyncManager type=1 binder=android.os.BinderProxy@274d1b25}
D/WifiService(  756): acquireWifiLockLocked: WifiLock{BaseSyncManager type=1 binder=android.os.BinderProxy@f341795}
D/WifiService(  756): releaseWifiLockLocked: WifiLock{BaseSyncManager type=1 binder=android.os.BinderProxy@274d1b25}
I/ActivityManager(  756): Start proc 7019:com.google.android.apps.books/u0a26 for service com.google.android.apps.books/.service.SyncService
D/WifiService(  756): releaseWifiLockLocked: WifiLock{BaseSyncManager type=1 binder=android.os.BinderProxy@f341795}
I/ActivityManager(  756): Killing 5030:com.android.keychain/1000 (adj 15): empty #17
D/BackupManagerService(  756): Received broadcast Intent { act=android.intent.action.PACKAGE_CHANGED dat=package:com.google.android.gms flg=0x4000010 (has extras) }
I/BackupManagerService(  756): Unbinding ComponentInfo{com.google.android.gms/com.google.android.gms.backup.BackupTransportService}
I/BackupManagerService(  756): Binding to transport host ComponentInfo{com.google.android.gms/com.google.android.gms.backup.BackupTransportService}
V/BackupManagerService(  756): Connected to transport ComponentInfo{com.google.android.gms/com.google.android.gms.backup.BackupTransportService}
V/BackupManagerService(  756): Registering transport com.google.android.gms/.backup.BackupTransportService::com.google.android.gms/.backup.BackupTransportService = com.android.internal.backup.IBackupTransport$Stub$Proxy@3452eb63
D/WifiService(  756): acquireWifiLockLocked: WifiLock{NlpWifiLock type=2 binder=android.os.BinderProxy@22fb2716}
D/WifiService(  756): releaseWifiLockLocked: WifiLock{NlpWifiLock type=2 binder=android.os.BinderProxy@22fb2716}
I/ActivityManager(  756): Start proc 7120:com.google.android.deskclock/u0a34 for broadcast com.google.android.deskclock/com.android.alarmclock.DigitalAppWidgetProvider
I/ActivityManager(  756): Killing 2563:com.google.android.partnersetup/u0a11 (adj 15): empty #17
D/WifiService(  756): acquireWifiLockLocked: WifiLock{BaseSyncManager type=1 binder=android.os.BinderProxy@171e7e81}
D/WifiService(  756): acquireWifiLockLocked: WifiLock{BaseSyncManager type=1 binder=android.os.BinderProxy@16ba4b7b}
D/WifiService(  756): releaseWifiLockLocked: WifiLock{BaseSyncManager type=1 binder=android.os.BinderProxy@171e7e81}
D/WifiService(  756): releaseWifiLockLocked: WifiLock{BaseSyncManager type=1 binder=android.os.BinderProxy@16ba4b7b}
D/WifiService(  756): acquireWifiLockLocked: WifiLock{BaseSyncManager type=1 binder=android.os.BinderProxy@2583992b}
D/WifiService(  756): acquireWifiLockLocked: WifiLock{BaseSyncManager type=1 binder=android.os.BinderProxy@33f58188}
D/WifiService(  756): releaseWifiLockLocked: WifiLock{BaseSyncManager type=1 binder=android.os.BinderProxy@2583992b}
D/WifiService(  756): releaseWifiLockLocked: WifiLock{BaseSyncManager type=1 binder=android.os.BinderProxy@33f58188}
D/BackupManagerService(  756): Received broadcast Intent { act=android.intent.action.PACKAGE_CHANGED dat=package:com.google.android.gms flg=0x4000010 (has extras) }
I/BackupManagerService(  756): Unbinding ComponentInfo{com.google.android.gms/com.google.android.gms.backup.BackupTransportService}
I/BackupManagerService(  756): Binding to transport host ComponentInfo{com.google.android.gms/com.google.android.gms.backup.BackupTransportService}
V/BackupManagerService(  756): Connected to transport ComponentInfo{com.google.android.gms/com.google.android.gms.backup.BackupTransportService}
V/BackupManagerService(  756): Registering transport com.google.android.gms/.backup.BackupTransportService::com.google.android.gms/.backup.BackupTransportService = com.android.internal.backup.IBackupTransport$Stub$Proxy@445a25b
D/WifiService(  756): acquireWifiLockLocked: WifiLock{NlpWifiLock type=2 binder=android.os.BinderProxy@3943b1f}
D/WifiService(  756): releaseWifiLockLocked: WifiLock{NlpWifiLock type=2 binder=android.os.BinderProxy@3943b1f}
D/WifiService(  756): acquireWifiLockLocked: WifiLock{BaseSyncManager type=1 binder=android.os.BinderProxy@3aff1e21}
D/WifiService(  756): acquireWifiLockLocked: WifiLock{BaseSyncManager type=1 binder=android.os.BinderProxy@14bc7059}
D/WifiService(  756): releaseWifiLockLocked: WifiLock{BaseSyncManager type=1 binder=android.os.BinderProxy@3aff1e21}
D/WifiService(  756): releaseWifiLockLocked: WifiLock{BaseSyncManager type=1 binder=android.os.BinderProxy@14bc7059}
I/ProcessStatsService(  756): Prepared write state in 15ms
D/WifiService(  756): acquireWifiLockLocked: WifiLock{BaseSyncManager type=1 binder=android.os.BinderProxy@3d1e77cb}
D/WifiService(  756): acquireWifiLockLocked: WifiLock{BaseSyncManager type=1 binder=android.os.BinderProxy@27e4d533}
D/WifiService(  756): releaseWifiLockLocked: WifiLock{BaseSyncManager type=1 binder=android.os.BinderProxy@3d1e77cb}
D/WifiService(  756): releaseWifiLockLocked: WifiLock{BaseSyncManager type=1 binder=android.os.BinderProxy@27e4d533}
D/ConnectivityService(  756): setProvNotificationVisibleIntent: E visible=false networkType=0 extraInfo=null
D/WifiService(  756): acquireWifiLockLocked: WifiLock{BaseSyncManager type=1 binder=android.os.BinderProxy@6b32335}
D/WifiService(  756): acquireWifiLockLocked: WifiLock{BaseSyncManager type=1 binder=android.os.BinderProxy@17bb437a}
D/WifiService(  756): releaseWifiLockLocked: WifiLock{BaseSyncManager type=1 binder=android.os.BinderProxy@6b32335}
D/WifiService(  756): releaseWifiLockLocked: WifiLock{BaseSyncManager type=1 binder=android.os.BinderProxy@17bb437a}
D/BackupManagerService(  756): Received broadcast Intent { act=android.intent.action.PACKAGE_CHANGED dat=package:com.google.android.gms flg=0x4000010 (has extras) }
I/BackupManagerService(  756): Unbinding ComponentInfo{com.google.android.gms/com.google.android.gms.backup.BackupTransportService}
I/BackupManagerService(  756): Binding to transport host ComponentInfo{com.google.android.gms/com.google.android.gms.backup.BackupTransportService}
V/BackupManagerService(  756): Connected to transport ComponentInfo{com.google.android.gms/com.google.android.gms.backup.BackupTransportService}
V/BackupManagerService(  756): Registering transport com.google.android.gms/.backup.BackupTransportService::com.google.android.gms/.backup.BackupTransportService = com.android.internal.backup.IBackupTransport$Stub$Proxy@17e1b4b2
D/WifiService(  756): acquireWifiLockLocked: WifiLock{NlpWifiLock type=2 binder=android.os.BinderProxy@fba90b0}
D/WifiService(  756): releaseWifiLockLocked: WifiLock{NlpWifiLock type=2 binder=android.os.BinderProxy@fba90b0}
I/ActivityManager(  756): Killing 31339:com.android.musicfx/u0a13 (adj 15): empty #17
I/UsageStatsService(  756): User[0] Flushing usage stats to disk
D/WifiService(  756): acquireWifiLockLocked: WifiLock{BaseSyncManager type=1 binder=android.os.BinderProxy@37127099}
D/WifiService(  756): acquireWifiLockLocked: WifiLock{BaseSyncManager type=1 binder=android.os.BinderProxy@1ff3736a}
D/WifiService(  756): releaseWifiLockLocked: WifiLock{BaseSyncManager type=1 binder=android.os.BinderProxy@37127099}
D/WifiService(  756): releaseWifiLockLocked: WifiLock{BaseSyncManager type=1 binder=android.os.BinderProxy@1ff3736a}
D/WifiService(  756): acquireWifiLockLocked: WifiLock{BaseSyncManager type=1 binder=android.os.BinderProxy@2ec7eb83}
D/WifiService(  756): acquireWifiLockLocked: WifiLock{BaseSyncManager type=1 binder=android.os.BinderProxy@ed025eb}
D/WifiService(  756): releaseWifiLockLocked: WifiLock{BaseSyncManager type=1 binder=android.os.BinderProxy@2ec7eb83}
D/WifiService(  756): releaseWifiLockLocked: WifiLock{BaseSyncManager type=1 binder=android.os.BinderProxy@ed025eb}
D/WifiService(  756): acquireWifiLockLocked: WifiLock{BaseSyncManager type=1 binder=android.os.BinderProxy@2da2af9e}
D/WifiService(  756): acquireWifiLockLocked: WifiLock{BaseSyncManager type=1 binder=android.os.BinderProxy@3bd5a16f}
D/WifiService(  756): releaseWifiLockLocked: WifiLock{BaseSyncManager type=1 binder=android.os.BinderProxy@2da2af9e}
D/WifiService(  756): releaseWifiLockLocked: WifiLock{BaseSyncManager type=1 binder=android.os.BinderProxy@3bd5a16f}
D/BackupManagerService(  756): Received broadcast Intent { act=android.intent.action.PACKAGE_CHANGED dat=package:com.google.android.gms flg=0x4000010 (has extras) }
I/BackupManagerService(  756): Unbinding ComponentInfo{com.google.android.gms/com.google.android.gms.backup.BackupTransportService}
I/BackupManagerService(  756): Binding to transport host ComponentInfo{com.google.android.gms/com.google.android.gms.backup.BackupTransportService}
V/BackupManagerService(  756): Connected to transport ComponentInfo{com.google.android.gms/com.google.android.gms.backup.BackupTransportService}
V/BackupManagerService(  756): Registering transport com.google.android.gms/.backup.BackupTransportService::com.google.android.gms/.backup.BackupTransportService = com.android.internal.backup.IBackupTransport$Stub$Proxy@1e702489
D/WifiService(  756): acquireWifiLockLocked: WifiLock{NlpWifiLock type=2 binder=android.os.BinderProxy@372e41f9}
D/WifiService(  756): releaseWifiLockLocked: WifiLock{NlpWifiLock type=2 binder=android.os.BinderProxy@372e41f9}
D/WifiService(  756): acquireWifiLockLocked: WifiLock{BaseSyncManager type=1 binder=android.os.BinderProxy@1579ce4d}
D/WifiService(  756): acquireWifiLockLocked: WifiLock{BaseSyncManager type=1 binder=android.os.BinderProxy@146fcf57}
D/WifiService(  756): releaseWifiLockLocked: WifiLock{BaseSyncManager type=1 binder=android.os.BinderProxy@1579ce4d}
D/WifiService(  756): releaseWifiLockLocked: WifiLock{BaseSyncManager type=1 binder=android.os.BinderProxy@146fcf57}
D/WifiService(  756): acquireWifiLockLocked: WifiLock{BaseSyncManager type=1 binder=android.os.BinderProxy@3f0261b3}
D/WifiService(  756): acquireWifiLockLocked: WifiLock{BaseSyncManager type=1 binder=android.os.BinderProxy@1bf09e1b}
D/WifiService(  756): releaseWifiLockLocked: WifiLock{BaseSyncManager type=1 binder=android.os.BinderProxy@3f0261b3}
D/WifiService(  756): releaseWifiLockLocked: WifiLock{BaseSyncManager type=1 binder=android.os.BinderProxy@1bf09e1b}
D/WifiService(  756): acquireWifiLockLocked: WifiLock{BaseSyncManager type=1 binder=android.os.BinderProxy@32d9ad53}
D/WifiService(  756): acquireWifiLockLocked: WifiLock{BaseSyncManager type=1 binder=android.os.BinderProxy@3588e5bb}
D/WifiService(  756): releaseWifiLockLocked: WifiLock{BaseSyncManager type=1 binder=android.os.BinderProxy@32d9ad53}
D/WifiService(  756): releaseWifiLockLocked: WifiLock{BaseSyncManager type=1 binder=android.os.BinderProxy@3588e5bb}
D/WifiService(  756): acquireWifiLockLocked: WifiLock{BaseSyncManager type=1 binder=android.os.BinderProxy@d914fae}
D/WifiService(  756): acquireWifiLockLocked: WifiLock{BaseSyncManager type=1 binder=android.os.BinderProxy@31ce1d5b}
D/WifiService(  756): releaseWifiLockLocked: WifiLock{BaseSyncManager type=1 binder=android.os.BinderProxy@d914fae}
D/WifiService(  756): releaseWifiLockLocked: WifiLock{BaseSyncManager type=1 binder=android.os.BinderProxy@31ce1d5b}
I/ActivityManager(  756): Start proc 7721:com.google.android.keep/u0a53 for service com.google.android.keep/.syncadapter.KeepSyncAdapterService
I/ActivityManager(  756): Killing 5073:com.google.android.apps.walletnfcrel/u0a22 (adj 15): empty #17
D/WifiService(  756): acquireWifiLockLocked: WifiLock{BaseSyncManager type=1 binder=android.os.BinderProxy@f88292}
D/WifiService(  756): acquireWifiLockLocked: WifiLock{BaseSyncManager type=1 binder=android.os.BinderProxy@2ea2b442}
D/WifiService(  756): releaseWifiLockLocked: WifiLock{BaseSyncManager type=1 binder=android.os.BinderProxy@f88292}
D/WifiService(  756): releaseWifiLockLocked: WifiLock{BaseSyncManager type=1 binder=android.os.BinderProxy@2ea2b442}
D/WifiService(  756): acquireWifiLockLocked: WifiLock{NlpWifiLock type=2 binder=android.os.BinderProxy@252cdc4d}
D/WifiService(  756): releaseWifiLockLocked: WifiLock{NlpWifiLock type=2 binder=android.os.BinderProxy@252cdc4d}
D/WifiService(  756): acquireWifiLockLocked: WifiLock{BaseSyncManager type=1 binder=android.os.BinderProxy@2a06a0b2}
D/WifiService(  756): acquireWifiLockLocked: WifiLock{BaseSyncManager type=1 binder=android.os.BinderProxy@3bcbc7f3}
D/WifiService(  756): releaseWifiLockLocked: WifiLock{BaseSyncManager type=1 binder=android.os.BinderProxy@2a06a0b2}
D/WifiService(  756): releaseWifiLockLocked: WifiLock{BaseSyncManager type=1 binder=android.os.BinderProxy@3bcbc7f3}
D/BackupManagerService(  756): Received broadcast Intent { act=android.intent.action.PACKAGE_CHANGED dat=package:com.google.android.gms flg=0x4000010 (has extras) }
I/BackupManagerService(  756): Unbinding ComponentInfo{com.google.android.gms/com.google.android.gms.backup.BackupTransportService}
I/BackupManagerService(  756): Binding to transport host ComponentInfo{com.google.android.gms/com.google.android.gms.backup.BackupTransportService}
V/BackupManagerService(  756): Connected to transport ComponentInfo{com.google.android.gms/com.google.android.gms.backup.BackupTransportService}
V/BackupManagerService(  756): Registering transport com.google.android.gms/.backup.BackupTransportService::com.google.android.gms/.backup.BackupTransportService = com.android.internal.backup.IBackupTransport$Stub$Proxy@1d54e63e
D/WifiService(  756): acquireWifiLockLocked: WifiLock{NlpWifiLock type=2 binder=android.os.BinderProxy@31779268}
D/WifiService(  756): releaseWifiLockLocked: WifiLock{NlpWifiLock type=2 binder=android.os.BinderProxy@31779268}
D/WifiService(  756): acquireWifiLockLocked: WifiLock{BaseSyncManager type=1 binder=android.os.BinderProxy@168bbe29}
D/WifiService(  756): acquireWifiLockLocked: WifiLock{BaseSyncManager type=1 binder=android.os.BinderProxy@c5a4dd4}
D/WifiService(  756): releaseWifiLockLocked: WifiLock{BaseSyncManager type=1 binder=android.os.BinderProxy@168bbe29}
D/WifiService(  756): releaseWifiLockLocked: WifiLock{BaseSyncManager type=1 binder=android.os.BinderProxy@c5a4dd4}
D/ConnectivityService(  756): setProvNotificationVisibleIntent: E visible=false networkType=0 extraInfo=null
D/WifiService(  756): acquireWifiLockLocked: WifiLock{BaseSyncManager type=1 binder=android.os.BinderProxy@2c94b4e1}
D/WifiService(  756): acquireWifiLockLocked: WifiLock{BaseSyncManager type=1 binder=android.os.BinderProxy@2fa39851}
D/WifiService(  756): releaseWifiLockLocked: WifiLock{BaseSyncManager type=1 binder=android.os.BinderProxy@2c94b4e1}
D/WifiService(  756): releaseWifiLockLocked: WifiLock{BaseSyncManager type=1 binder=android.os.BinderProxy@2fa39851}
D/WifiService(  756): acquireWifiLockLocked: WifiLock{BaseSyncManager type=1 binder=android.os.BinderProxy@3d93208b}
D/WifiService(  756): acquireWifiLockLocked: WifiLock{BaseSyncManager type=1 binder=android.os.BinderProxy@27350644}
D/WifiService(  756): releaseWifiLockLocked: WifiLock{BaseSyncManager type=1 binder=android.os.BinderProxy@3d93208b}
D/WifiService(  756): releaseWifiLockLocked: WifiLock{BaseSyncManager type=1 binder=android.os.BinderProxy@27350644}
D/WifiService(  756): acquireWifiLockLocked: WifiLock{BaseSyncManager type=1 binder=android.os.BinderProxy@340c3193}
D/WifiService(  756): acquireWifiLockLocked: WifiLock{BaseSyncManager type=1 binder=android.os.BinderProxy@1e1296ad}
D/WifiService(  756): releaseWifiLockLocked: WifiLock{BaseSyncManager type=1 binder=android.os.BinderProxy@340c3193}
D/WifiService(  756): releaseWifiLockLocked: WifiLock{BaseSyncManager type=1 binder=android.os.BinderProxy@1e1296ad}
D/WifiService(  756): acquireWifiLockLocked: WifiLock{BaseSyncManager type=1 binder=android.os.BinderProxy@301dd6fe}
D/WifiService(  756): acquireWifiLockLocked: WifiLock{BaseSyncManager type=1 binder=android.os.BinderProxy@1aaa1e5f}
D/WifiService(  756): releaseWifiLockLocked: WifiLock{BaseSyncManager type=1 binder=android.os.BinderProxy@301dd6fe}
D/WifiService(  756): releaseWifiLockLocked: WifiLock{BaseSyncManager type=1 binder=android.os.BinderProxy@1aaa1e5f}
D/WifiService(  756): acquireWifiLockLocked: WifiLock{BaseSyncManager type=1 binder=android.os.BinderProxy@7aa38a3}
D/WifiService(  756): acquireWifiLockLocked: WifiLock{BaseSyncManager type=1 binder=android.os.BinderProxy@169e88d0}
D/WifiService(  756): releaseWifiLockLocked: WifiLock{BaseSyncManager type=1 binder=android.os.BinderProxy@7aa38a3}
D/WifiService(  756): releaseWifiLockLocked: WifiLock{BaseSyncManager type=1 binder=android.os.BinderProxy@169e88d0}
D/WifiService(  756): acquireWifiLockLocked: WifiLock{BaseSyncManager type=1 binder=android.os.BinderProxy@3b161cfd}
D/WifiService(  756): acquireWifiLockLocked: WifiLock{BaseSyncManager type=1 binder=android.os.BinderProxy@384567a2}
D/WifiService(  756): releaseWifiLockLocked: WifiLock{BaseSyncManager type=1 binder=android.os.BinderProxy@3b161cfd}
D/WifiService(  756): releaseWifiLockLocked: WifiLock{BaseSyncManager type=1 binder=android.os.BinderProxy@384567a2}
D/WifiService(  756): acquireWifiLockLocked: WifiLock{NlpWifiLock type=2 binder=android.os.BinderProxy@34fc8662}
D/WifiService(  756): releaseWifiLockLocked: WifiLock{NlpWifiLock type=2 binder=android.os.BinderProxy@34fc8662}
D/WifiService(  756): acquireWifiLockLocked: WifiLock{BaseSyncManager type=1 binder=android.os.BinderProxy@3eda175e}
D/WifiService(  756): acquireWifiLockLocked: WifiLock{BaseSyncManager type=1 binder=android.os.BinderProxy@3a57bf10}
D/WifiService(  756): releaseWifiLockLocked: WifiLock{BaseSyncManager type=1 binder=android.os.BinderProxy@3eda175e}
D/WifiService(  756): releaseWifiLockLocked: WifiLock{BaseSyncManager type=1 binder=android.os.BinderProxy@3a57bf10}
D/WifiService(  756): acquireWifiLockLocked: WifiLock{BaseSyncManager type=1 binder=android.os.BinderProxy@2edcf900}
D/WifiService(  756): acquireWifiLockLocked: WifiLock{BaseSyncManager type=1 binder=android.os.BinderProxy@7efdea9}
D/WifiService(  756): releaseWifiLockLocked: WifiLock{BaseSyncManager type=1 binder=android.os.BinderProxy@2edcf900}
D/WifiService(  756): releaseWifiLockLocked: WifiLock{BaseSyncManager type=1 binder=android.os.BinderProxy@7efdea9}
D/WifiService(  756): acquireWifiLockLocked: WifiLock{BaseSyncManager type=1 binder=android.os.BinderProxy@a903c5f}
D/WifiService(  756): acquireWifiLockLocked: WifiLock{BaseSyncManager type=1 binder=android.os.BinderProxy@999a82d}
D/WifiService(  756): releaseWifiLockLocked: WifiLock{BaseSyncManager type=1 binder=android.os.BinderProxy@a903c5f}
D/WifiService(  756): releaseWifiLockLocked: WifiLock{BaseSyncManager type=1 binder=android.os.BinderProxy@999a82d}
I/ActivityManager(  756): Killing 2747:de.j4velin.notificationToggle/u0a80 (adj 13): empty for 1800s
I/ActivityManager(  756): Killing 2686:com.google.android.apps.magazines/u0a57 (adj 15): empty for 1800s
I/ActivityManager(  756): Killing 2662:com.google.android.apps.cloudprint/u0a33 (adj 15): empty for 1800s
D/WifiService(  756): acquireWifiLockLocked: WifiLock{BaseSyncManager type=1 binder=android.os.BinderProxy@336d5da0}
D/WifiService(  756): acquireWifiLockLocked: WifiLock{BaseSyncManager type=1 binder=android.os.BinderProxy@277a09f7}
D/WifiService(  756): releaseWifiLockLocked: WifiLock{BaseSyncManager type=1 binder=android.os.BinderProxy@336d5da0}
D/WifiService(  756): releaseWifiLockLocked: WifiLock{BaseSyncManager type=1 binder=android.os.BinderProxy@277a09f7}
D/WifiService(  756): acquireWifiLockLocked: WifiLock{BaseSyncManager type=1 binder=android.os.BinderProxy@1c213f2}
D/WifiService(  756): acquireWifiLockLocked: WifiLock{BaseSyncManager type=1 binder=android.os.BinderProxy@e26a43}
D/WifiService(  756): releaseWifiLockLocked: WifiLock{BaseSyncManager type=1 binder=android.os.BinderProxy@1c213f2}
D/WifiService(  756): releaseWifiLockLocked: WifiLock{BaseSyncManager type=1 binder=android.os.BinderProxy@e26a43}
D/ConnectivityService(  756): setProvNotificationVisibleIntent: E visible=false networkType=0 extraInfo=null
D/WifiService(  756): acquireWifiLockLocked: WifiLock{NlpWifiLock type=2 binder=android.os.BinderProxy@2868af2d}
D/WifiService(  756): releaseWifiLockLocked: WifiLock{NlpWifiLock type=2 binder=android.os.BinderProxy@2868af2d}
D/WifiService(  756): acquireWifiLockLocked: WifiLock{BaseSyncManager type=1 binder=android.os.BinderProxy@1284c212}
D/WifiService(  756): acquireWifiLockLocked: WifiLock{BaseSyncManager type=1 binder=android.os.BinderProxy@232475d3}
D/WifiService(  756): releaseWifiLockLocked: WifiLock{BaseSyncManager type=1 binder=android.os.BinderProxy@1284c212}
--------- beginning of main
V/GLSActivity( 1436): AuthDelegateWrapperCreated with selected intent: Intent { cmp=com.google.android.gms/.auth.DefaultAuthDelegateService }
I/GLSActivity( 1436): Use browser flow? false
W/GLSActivity( 1436): com.google.android.gms.auth.af: User intervention required. Notification has been pushed.
W/GLSActivity( 1436): 	at com.google.android.gms.auth.r.c(SourceFile:1228)
W/GLSActivity( 1436): 	at com.google.android.gms.auth.r.b(SourceFile:610)
W/GLSActivity( 1436): 	at com.google.android.gms.auth.gsf.k.getAuthToken(SourceFile:283)
W/GLSActivity( 1436): 	at android.accounts.AbstractAccountAuthenticator$Transport.getAuthToken(AbstractAccountAuthenticator.java:196)
W/GLSActivity( 1436): 	at android.accounts.IAccountAuthenticator$Stub.onTransact(IAccountAuthenticator.java:113)
W/GLSActivity( 1436): 	at android.os.Binder.execTransact(Binder.java:446)
W/JsonManifestFetcher( 5621): Failed to fetch manifest, reverting to local copy.
W/JsonManifestFetcher( 5621): android.accounts.AuthenticatorException: User intervention required. Notification has been pushed.
W/JsonManifestFetcher( 5621): 	at android.accounts.AccountManager.convertErrorToException(AccountManager.java:2024)
W/JsonManifestFetcher( 5621): 	at android.accounts.AccountManager.access$400(AccountManager.java:144)
W/JsonManifestFetcher( 5621): 	at android.accounts.AccountManager$AmsTask$Response.onError(AccountManager.java:1867)
W/JsonManifestFetcher( 5621): 	at android.accounts.IAccountManagerResponse$Stub.onTransact(IAccountManagerResponse.java:69)
W/JsonManifestFetcher( 5621): 	at android.os.Binder.execTransact(Binder.java:446)
E/DefaultHttpIssuer( 5621): Attempt to close HttpIssuer when no request is executing.
E/DefaultHttpIssuer( 5621): java.io.IOException
E/DefaultHttpIssuer( 5621): 	at ajh.b(DefaultHttpIssuer.java:182)
E/DefaultHttpIssuer( 5621): 	at ajg.b(DefaultAuthenticatedHttpIssuer.java:152)
E/DefaultHttpIssuer( 5621): 	at ajR.a(JsonManifestFetcher.java:136)
E/DefaultHttpIssuer( 5621): 	at vf.a(OfflineSyncerImpl.java:487)
E/DefaultHttpIssuer( 5621): 	at vf.a(OfflineSyncerImpl.java:415)
E/DefaultHttpIssuer( 5621): 	at WP.run(EditorsOfflineSyncManagerImpl.java:103)
E/OfflineSyncerImpl( 5621): additionalData field absent in syncapp serverManifest, aborting
W/EditorsOfflineSyncManagerImpl( 5621): Failed to sync offline metadata.
I/GLSUser ( 1436): [GLSUser]  extracting token using key:Auth
W/GLSActivity( 1436): gms.StatusHelper Status from wire: BadAuthentication status: BAD_AUTHENTICATION
I/GLSUser ( 1436): GLS error: BadAuthentication mitrauiuc@gmail.com oauth2:https://www.googleapis.com/auth/drive https://www.googleapis.com/auth/drive.metadata.readonly https://www.googleapis.com/auth/drive.readonly https://docs.google.com/feeds https://docs.googleusercontent.com https://spreadsheets.google.com/feeds https://www.googleapis.com/auth/activity https://www.googleapis.com/auth/cloudprint https://www.googleapis.com/auth/discussions https://www.googleapis.com/auth/docs https://www.googleapis.com/auth/drive.apps https://www.googleapis.com/auth/memento https://www.googleapis.com/auth/spreadsheets https://www.googleapis.com/auth/vouchers 
V/GLSActivity( 1436): AuthDelegateWrapperCreated with selected intent: Intent { cmp=com.google.android.gms/.auth.DefaultAuthDelegateService }
I/GLSActivity( 1436): Use browser flow? false
W/GLSActivity( 1436): com.google.android.gms.auth.af: User intervention required. Notification has been pushed.
W/GLSActivity( 1436): 	at com.google.android.gms.auth.r.c(SourceFile:1228)
W/GLSActivity( 1436): 	at com.google.android.gms.auth.r.b(SourceFile:610)
W/GLSActivity( 1436): 	at com.google.android.gms.auth.gsf.k.getAuthToken(SourceFile:283)
W/GLSActivity( 1436): 	at android.accounts.AbstractAccountAuthenticator$Transport.getAuthToken(AbstractAccountAuthenticator.java:196)
W/GLSActivity( 1436): 	at android.accounts.IAccountAuthenticator$Stub.onTransact(IAccountAuthenticator.java:113)
W/GLSActivity( 1436): 	at android.os.Binder.execTransact(Binder.java:446)
E/DefaultHttpIssuer( 5621): Attempt to consume entity of HttpIssuer when no request is executing.
E/DefaultHttpIssuer( 5621): Attempt to close HttpIssuer when no request is executing.
E/DefaultHttpIssuer( 5621): java.io.IOException
E/DefaultHttpIssuer( 5621): 	at ajh.b(DefaultHttpIssuer.java:182)
E/DefaultHttpIssuer( 5621): 	at ajg.b(DefaultAuthenticatedHttpIssuer.java:152)
E/DefaultHttpIssuer( 5621): 	at arC.a(AccountMetadataUpdater.java:247)
E/DefaultHttpIssuer( 5621): 	at arC.a(AccountMetadataUpdater.java:147)
E/DefaultHttpIssuer( 5621): 	at atj.a(LegacySyncManager.java:209)
E/DefaultHttpIssuer( 5621): 	at com.google.android.apps.docs.sync.syncadapter.BaseSyncManager.b(BaseSyncManager.java:550)
E/DefaultHttpIssuer( 5621): 	at arG.run(BaseSyncManager.java:394)
E/DefaultHttpIssuer( 5621): 	at ayq.a(NetworkUtilitiesImpl.java:31)
E/DefaultHttpIssuer( 5621): 	at arF.run(BaseSyncManager.java:391)
E/BaseSyncManager( 5621): AuthenticatorException
E/BaseSyncManager( 5621): android.accounts.AuthenticatorException: User intervention required. Notification has been pushed.
E/BaseSyncManager( 5621): 	at android.accounts.AccountManager.convertErrorToException(AccountManager.java:2024)
E/BaseSyncManager( 5621): 	at android.accounts.AccountManager.access$400(AccountManager.java:144)
E/BaseSyncManager( 5621): 	at android.accounts.AccountManager$AmsTask$Response.onError(AccountManager.java:1867)
E/BaseSyncManager( 5621): 	at android.accounts.IAccountManagerResponse$Stub.onTransact(IAccountManagerResponse.java:69)
E/BaseSyncManager( 5621): 	at android.os.Binder.execTransact(Binder.java:446)
W/GAV2    ( 5621): BaseSyncManager-mitrauiuc@gmail.com: dispatch call queued.  Need to call GAServiceManager.getInstance().initialize().
D/WifiService(  756): releaseWifiLockLocked: WifiLock{BaseSyncManager type=1 binder=android.os.BinderProxy@232475d3}
D/SyncManager(  756): failed sync operation mitrauiuc@gmail.com u0 (com.google), com.google.android.apps.docs.editors.kix, LOCAL, currentRunTime 15410289, reason: 10095, SyncResult: stats [ numIoExceptions: 1]
E/WifiStateMachine(  756): WifiStateMachine CMD_START_SCAN source -2 txSuccessRate=0.00 rxSuccessRate=0.00 targetRoamBSSID=c8:d7:19:d8:bb:43 RSSI=-46
E/WifiStateMachine(  756): WifiStateMachine CMD_START_SCAN source -2 txSuccessRate=0.00 rxSuccessRate=0.00 targetRoamBSSID=c8:d7:19:d8:bb:43 RSSI=-47
E/WifiStateMachine(  756): WifiStateMachine CMD_START_SCAN source -2 txSuccessRate=0.00 rxSuccessRate=0.00 targetRoamBSSID=c8:d7:19:d8:bb:43 RSSI=-41
I/art     (  756): Explicit concurrent mark sweep GC freed 70019(3MB) AllocSpace objects, 20(905KB) LOS objects, 32% free, 33MB/49MB, paused 1.434ms total 65.268ms
D/WifiService(  756): acquireWifiLockLocked: WifiLock{BaseSyncManager type=1 binder=android.os.BinderProxy@11742032}
W/GAV2    ( 5638): BaseSyncManager-mitrauiuc@gmail.com: Need to call initialize() and be in fallback mode to start dispatch.
D/WifiService(  756): acquireWifiLockLocked: WifiLock{BaseSyncManager type=1 binder=android.os.BinderProxy@11638071}
W/GAV2    ( 5621): BaseSyncManager-mitrauiuc@gmail.com: Need to call initialize() and be in fallback mode to start dispatch.
I/GLSUser ( 1436): [GLSUser]  extracting token using key:Auth
W/GLSActivity( 1436): gms.StatusHelper Status from wire: BadAuthentication status: BAD_AUTHENTICATION
I/GLSUser ( 1436): GLS error: BadAuthentication mitrauiuc@gmail.com oauth2:https://www.googleapis.com/auth/drive https://www.googleapis.com/auth/drive.metadata.readonly https://www.googleapis.com/auth/drive.readonly https://docs.google.com/feeds https://docs.googleusercontent.com https://spreadsheets.google.com/feeds https://www.googleapis.com/auth/activity https://www.googleapis.com/auth/cloudprint https://www.googleapis.com/auth/discussions https://www.googleapis.com/auth/docs https://www.googleapis.com/auth/drive.apps https://www.googleapis.com/auth/memento https://www.googleapis.com/auth/spreadsheets https://www.googleapis.com/auth/vouchers 
V/GLSActivity( 1436): AuthDelegateWrapperCreated with selected intent: Intent { cmp=com.google.android.gms/.auth.DefaultAuthDelegateService }
I/GLSActivity( 1436): Use browser flow? false
W/GLSActivity( 1436): com.google.android.gms.auth.af: User intervention required. Notification has been pushed.
W/GLSActivity( 1436): 	at com.google.android.gms.auth.r.c(SourceFile:1228)
W/GLSActivity( 1436): 	at com.google.android.gms.auth.r.b(SourceFile:610)
W/GLSActivity( 1436): 	at com.google.android.gms.auth.gsf.k.getAuthToken(SourceFile:283)
W/GLSActivity( 1436): 	at android.accounts.AbstractAccountAuthenticator$Transport.getAuthToken(AbstractAccountAuthenticator.java:196)
W/GLSActivity( 1436): 	at android.accounts.IAccountAuthenticator$Stub.onTransact(IAccountAuthenticator.java:113)
W/GLSActivity( 1436): 	at android.os.Binder.execTransact(Binder.java:446)
E/DefaultHttpIssuer( 5638): Attempt to consume entity of HttpIssuer when no request is executing.
E/DefaultHttpIssuer( 5638): Attempt to close HttpIssuer when no request is executing.
E/DefaultHttpIssuer( 5638): java.io.IOException
E/DefaultHttpIssuer( 5638): 	at com.google.android.apps.docs.http.issuers.e.b(DefaultHttpIssuer.java:182)
E/DefaultHttpIssuer( 5638): 	at com.google.android.apps.docs.http.issuers.c.b(DefaultAuthenticatedHttpIssuer.java:152)
E/DefaultHttpIssuer( 5638): 	at com.google.android.apps.docs.sync.syncadapter.e.a(AccountMetadataUpdater.java:247)
E/DefaultHttpIssuer( 5638): 	at com.google.android.apps.docs.sync.syncadapter.e.a(AccountMetadataUpdater.java:147)
E/DefaultHttpIssuer( 5638): 	at com.google.android.apps.docs.sync.syncadapter.e.a(AccountMetadataUpdater.java:264)
E/DefaultHttpIssuer( 5638): 	at com.google.android.apps.docs.sync.syncadapter.BaseSyncManager.a(BaseSyncManager.java:293)
E/DefaultHttpIssuer( 5638): 	at com.google.android.apps.docs.sync.syncadapter.BaseSyncManager.a(BaseSyncManager.java:628)
E/DefaultHttpIssuer( 5638): 	at com.google.android.apps.docs.sync.syncadapter.BaseSyncManager.b(BaseSyncManager.java:541)
E/DefaultHttpIssuer( 5638): 	at com.google.android.apps.docs.sync.syncadapter.k.run(BaseSyncManager.java:394)
E/DefaultHttpIssuer( 5638): 	at com.google.android.apps.docs.utils.aV.a(NetworkUtilitiesImpl.java:31)
E/DefaultHttpIssuer( 5638): 	at com.google.android.apps.docs.sync.syncadapter.j.run(BaseSyncManager.java:391)
E/AccountMetadataUpdater( 5638): Error updating account capability
E/AccountMetadataUpdater( 5638): android.accounts.AuthenticatorException: User intervention required. Notification has been pushed.
E/AccountMetadataUpdater( 5638): 	at android.accounts.AccountManager.convertErrorToException(AccountManager.java:2024)
E/AccountMetadataUpdater( 5638): 	at android.accounts.AccountManager.access$400(AccountManager.java:144)
E/AccountMetadataUpdater( 5638): 	at android.accounts.AccountManager$AmsTask$Response.onError(AccountManager.java:1867)
E/AccountMetadataUpdater( 5638): 	at android.accounts.IAccountManagerResponse$Stub.onTransact(IAccountManagerResponse.java:69)
E/AccountMetadataUpdater( 5638): 	at android.os.Binder.execTransact(Binder.java:446)
I/GLSUser ( 1436): [GLSUser]  extracting token using key:Auth
W/GLSActivity( 1436): gms.StatusHelper Status from wire: BadAuthentication status: BAD_AUTHENTICATION
I/GLSUser ( 1436): GLS error: BadAuthentication mitrauiuc@gmail.com oauth2:https://www.googleapis.com/auth/drive https://www.googleapis.com/auth/drive.metadata.readonly https://www.googleapis.com/auth/drive.readonly https://docs.google.com/feeds https://docs.googleusercontent.com https://spreadsheets.google.com/feeds https://www.googleapis.com/auth/activity https://www.googleapis.com/auth/cloudprint https://www.googleapis.com/auth/discussions https://www.googleapis.com/auth/docs https://www.googleapis.com/auth/drive.apps https://www.googleapis.com/auth/memento https://www.googleapis.com/auth/spreadsheets https://www.googleapis.com/auth/vouchers 
V/GLSActivity( 1436): AuthDelegateWrapperCreated with selected intent: Intent { cmp=com.google.android.gms/.auth.DefaultAuthDelegateService }
I/GLSActivity( 1436): Use browser flow? false
W/GLSActivity( 1436): com.google.android.gms.auth.af: User intervention required. Notification has been pushed.
W/GLSActivity( 1436): 	at com.google.android.gms.auth.r.c(SourceFile:1228)
W/GLSActivity( 1436): 	at com.google.android.gms.auth.r.b(SourceFile:610)
W/GLSActivity( 1436): 	at com.google.android.gms.auth.gsf.k.getAuthToken(SourceFile:283)
W/GLSActivity( 1436): 	at android.accounts.AbstractAccountAuthenticator$Transport.getAuthToken(AbstractAccountAuthenticator.java:196)
W/GLSActivity( 1436): 	at android.accounts.IAccountAuthenticator$Stub.onTransact(IAccountAuthenticator.java:113)
W/GLSActivity( 1436): 	at android.os.Binder.execTransact(Binder.java:446)
E/DefaultHttpIssuer( 5621): Attempt to consume entity of HttpIssuer when no request is executing.
E/DefaultHttpIssuer( 5621): Attempt to close HttpIssuer when no request is executing.
E/DefaultHttpIssuer( 5621): java.io.IOException
E/DefaultHttpIssuer( 5621): 	at ajh.b(DefaultHttpIssuer.java:182)
E/DefaultHttpIssuer( 5621): 	at ajg.b(DefaultAuthenticatedHttpIssuer.java:152)
E/DefaultHttpIssuer( 5621): 	at arC.a(AccountMetadataUpdater.java:247)
E/DefaultHttpIssuer( 5621): 	at arC.a(AccountMetadataUpdater.java:147)
E/DefaultHttpIssuer( 5621): 	at arC.a(AccountMetadataUpdater.java:264)
E/DefaultHttpIssuer( 5621): 	at com.google.android.apps.docs.sync.syncadapter.BaseSyncManager.a(BaseSyncManager.java:628)
E/DefaultHttpIssuer( 5621): 	at com.google.android.apps.docs.sync.syncadapter.BaseSyncManager.b(BaseSyncManager.java:541)
E/DefaultHttpIssuer( 5621): 	at arG.run(BaseSyncManager.java:394)
E/DefaultHttpIssuer( 5621): 	at ayq.a(NetworkUtilitiesImpl.java:31)
E/DefaultHttpIssuer( 5621): 	at arF.run(BaseSyncManager.java:391)
E/AccountMetadataUpdater( 5621): Error updating account capability
E/AccountMetadataUpdater( 5621): android.accounts.AuthenticatorException: User intervention required. Notification has been pushed.
E/AccountMetadataUpdater( 5621): 	at android.accounts.AccountManager.convertErrorToException(AccountManager.java:2024)
E/AccountMetadataUpdater( 5621): 	at android.accounts.AccountManager.access$400(AccountManager.java:144)
E/AccountMetadataUpdater( 5621): 	at android.accounts.AccountManager$AmsTask$Response.onError(AccountManager.java:1867)
E/AccountMetadataUpdater( 5621): 	at android.accounts.IAccountManagerResponse$Stub.onTransact(IAccountManagerResponse.java:69)
E/AccountMetadataUpdater( 5621): 	at android.os.Binder.execTransact(Binder.java:446)
I/GLSUser ( 1436): [GLSUser]  extracting token using key:Auth
W/GLSActivity( 1436): gms.StatusHelper Status from wire: BadAuthentication status: BAD_AUTHENTICATION
I/GLSUser ( 1436): GLS error: BadAuthentication mitrauiuc@gmail.com oauth2:https://www.googleapis.com/auth/drive https://www.googleapis.com/auth/drive.metadata.readonly https://www.googleapis.com/auth/drive.readonly https://docs.google.com/feeds https://docs.googleusercontent.com https://spreadsheets.google.com/feeds https://www.googleapis.com/auth/activity https://www.googleapis.com/auth/cloudprint https://www.googleapis.com/auth/discussions https://www.googleapis.com/auth/docs https://www.googleapis.com/auth/drive.apps https://www.googleapis.com/auth/memento https://www.googleapis.com/auth/spreadsheets https://www.googleapis.com/auth/vouchers 
V/GLSActivity( 1436): AuthDelegateWrapperCreated with selected intent: Intent { cmp=com.google.android.gms/.auth.DefaultAuthDelegateService }
I/GLSActivity( 1436): Use browser flow? false
W/GLSActivity( 1436): com.google.android.gms.auth.af: User intervention required. Notification has been pushed.
W/GLSActivity( 1436): 	at com.google.android.gms.auth.r.c(SourceFile:1228)
W/GLSActivity( 1436): 	at com.google.android.gms.auth.r.b(SourceFile:610)
W/GLSActivity( 1436): 	at com.google.android.gms.auth.gsf.k.getAuthToken(SourceFile:283)
W/GLSActivity( 1436): 	at android.accounts.AbstractAccountAuthenticator$Transport.getAuthToken(AbstractAccountAuthenticator.java:196)
W/GLSActivity( 1436): 	at android.accounts.IAccountAuthenticator$Stub.onTransact(IAccountAuthenticator.java:113)
W/GLSActivity( 1436): 	at android.os.Binder.execTransact(Binder.java:446)
W/JsonManifestFetcher( 5638): Failed to fetch manifest, reverting to local copy.
W/JsonManifestFetcher( 5638): android.accounts.AuthenticatorException: User intervention required. Notification has been pushed.
W/JsonManifestFetcher( 5638): 	at android.accounts.AccountManager.convertErrorToException(AccountManager.java:2024)
W/JsonManifestFetcher( 5638): 	at android.accounts.AccountManager.access$400(AccountManager.java:144)
W/JsonManifestFetcher( 5638): 	at android.accounts.AccountManager$AmsTask$Response.onError(AccountManager.java:1867)
W/JsonManifestFetcher( 5638): 	at android.accounts.IAccountManagerResponse$Stub.onTransact(IAccountManagerResponse.java:69)
W/JsonManifestFetcher( 5638): 	at android.os.Binder.execTransact(Binder.java:446)
E/DefaultHttpIssuer( 5638): Attempt to close HttpIssuer when no request is executing.
E/DefaultHttpIssuer( 5638): java.io.IOException
E/DefaultHttpIssuer( 5638): 	at com.google.android.apps.docs.http.issuers.e.b(DefaultHttpIssuer.java:182)
E/DefaultHttpIssuer( 5638): 	at com.google.android.apps.docs.http.issuers.c.b(DefaultAuthenticatedHttpIssuer.java:152)
E/DefaultHttpIssuer( 5638): 	at com.google.android.apps.docs.jsbinarysyncer.o.a(JsonManifestFetcher.java:136)
E/DefaultHttpIssuer( 5638): 	at com.google.android.apps.docs.editors.bulksyncer.f.a(OfflineSyncerImpl.java:487)
E/DefaultHttpIssuer( 5638): 	at com.google.android.apps.docs.editors.bulksyncer.f.a(OfflineSyncerImpl.java:415)
E/DefaultHttpIssuer( 5638): 	at com.google.android.apps.docs.editors.offline.f.run(EditorsOfflineSyncManagerImpl.java:103)
E/OfflineSyncerImpl( 5638): additionalData field absent in syncapp serverManifest, aborting
W/EditorsOfflineSyncManagerImpl( 5638): Failed to sync offline metadata.
I/GLSUser ( 1436): [GLSUser]  extracting token using key:Auth
W/GLSActivity( 1436): gms.StatusHelper Status from wire: BadAuthentication status: BAD_AUTHENTICATION
I/GLSUser ( 1436): GLS error: BadAuthentication mitrauiuc@gmail.com oauth2:https://www.googleapis.com/auth/drive https://www.googleapis.com/auth/drive.metadata.readonly https://www.googleapis.com/auth/drive.readonly https://docs.google.com/feeds https://docs.googleusercontent.com https://spreadsheets.google.com/feeds https://www.googleapis.com/auth/activity https://www.googleapis.com/auth/cloudprint https://www.googleapis.com/auth/discussions https://www.googleapis.com/auth/docs https://www.googleapis.com/auth/drive.apps https://www.googleapis.com/auth/memento https://www.googleapis.com/auth/spreadsheets https://www.googleapis.com/auth/vouchers 
